
> es-trading-bot@0.1.0 test
> vitest run

[33mThe CJS build of Vite's Node API is deprecated. See https://vite.dev/guide/troubleshooting.html#vite-cjs-node-api-deprecated for more details.[39m

[1m[7m[36m RUN [39m[27m[22m [36mv2.1.9 [39m[90mC:/Users/abdul/Desktop/es-trading-bot[39m

 [32m✓[39m backend/tests/unit/strategy.test.ts [2m([22m[2m18 tests[22m[2m)[22m[90m 23[2mms[22m[39m
 [31m❯[39m backend/tests/integration/wick-rule-matrix.test.ts [2m([22m[2m14 tests[22m[2m | [22m[31m10 failed[39m[2m)[22m[90m 43[2mms[22m[39m
[31m   [31m×[31m LONG wick rule deterministic test[2m > [22m1: C1 wick touches next, C3 not close beyond[90m 22[2mms[22m[31m[39m
[31m     → expected 'ACCEPTED' to be 'REJECTED' // Object.is equality[39m
[31m   [31m×[31m LONG wick rule deterministic test[2m > [22m2: C2 wick touches next, C3 not close beyond[90m 2[2mms[22m[31m[39m
[31m     → expected 'ACCEPTED' to be 'REJECTED' // Object.is equality[39m
[31m   [31m×[31m LONG wick rule deterministic test[2m > [22m3: C3 wick touches next, C3 not close beyond[90m 2[2mms[22m[31m[39m
[31m     → expected 'ACCEPTED' to be 'REJECTED' // Object.is equality[39m
[31m   [31m×[31m LONG wick rule deterministic test[2m > [22m4: C3 closes beyond touched level[90m 3[2mms[22m[31m[39m
[31m     → expected 'REJECTED:INSUFFICIENT_BREATHING_ROOM' to be 'ACCEPTED' // Object.is equality[39m
[31m   [31m×[31m LONG wick rule deterministic test[2m > [22m7: C3 wick 3rd, close between 2nd/3rd[90m 2[2mms[22m[31m[39m
[31m     → expected 'REJECTED:INSUFFICIENT_BREATHING_ROOM' to be 'REJECTED' // Object.is equality[39m
[31m   [31m×[31m LONG wick rule deterministic test[2m > [22m8: Wick exactly touches level[90m 1[2mms[22m[31m[39m
[31m     → expected 'ACCEPTED' to be 'REJECTED' // Object.is equality[39m
[31m   [31m×[31m LONG wick rule deterministic test[2m > [22m9: C3 closes exactly at level[90m 1[2mms[22m[31m[39m
[31m     → expected 'REJECTED:INSUFFICIENT_BREATHING_ROOM' to be 'REJECTED' // Object.is equality[39m
[31m   [31m×[31m SHORT wick rule deterministic test[2m > [22m10: Short C1 wick touches next[90m 1[2mms[22m[31m[39m
[31m     → expected 'ACCEPTED' to be 'REJECTED' // Object.is equality[39m
[31m   [31m×[31m SHORT wick rule deterministic test[2m > [22m11: Short C2 wick touches next[90m 1[2mms[22m[31m[39m
[31m     → expected 'ACCEPTED' to be 'REJECTED' // Object.is equality[39m
[31m   [31m×[31m SHORT wick rule deterministic test[2m > [22m12: Short C3 wick touches next[90m 1[2mms[22m[31m[39m
[31m     → expected 'ACCEPTED' to be 'REJECTED' // Object.is equality[39m
 [32m✓[39m backend/tests/integration/end-to-end-practice.test.ts [2m([22m[2m2 tests[22m[2m)[22m[33m 493[2mms[22m[39m
   [33m[2m✓[22m[39m complete local practice path[2m > [22mconnects API, market runtime, EMA, levels, strategy, execution, protection, exit, P/L, lockout, and dashboard APIs [33m475[2mms[22m[39m
 [32m✓[39m backend/tests/unit/risk.test.ts [2m([22m[2m14 tests[22m[2m)[22m[90m 115[2mms[22m[39m
 [32m✓[39m backend/tests/integration/topstepx-es-only.test.ts [2m([22m[2m3 tests[22m[2m)[22m[90m 18[2mms[22m[39m
 [32m✓[39m backend/tests/integration/http-api.test.ts [2m([22m[2m4 tests[22m[2m)[22m[33m 614[2mms[22m[39m
   [33m[2m✓[22m[39m local backend HTTP API[2m > [22mserves health and read-only application DTOs [33m318[2mms[22m[39m
 [32m✓[39m backend/tests/unit/levels.test.ts [2m([22m[2m11 tests[22m[2m)[22m[90m 24[2mms[22m[39m
 [32m✓[39m backend/tests/integration/runtime-recovery.test.ts [2m([22m[2m9 tests[22m[2m)[22m[90m 17[2mms[22m[39m
 [32m✓[39m backend/tests/integration/market-runtime.test.ts [2m([22m[2m3 tests[22m[2m)[22m[90m 108[2mms[22m[39m
 [32m✓[39m backend/tests/unit/indicators.test.ts [2m([22m[2m7 tests[22m[2m)[22m[90m 18[2mms[22m[39m
 [32m✓[39m backend/tests/integration/simulation-engine.test.ts [2m([22m[2m3 tests[22m[2m)[22m[90m 177[2mms[22m[39m
 [32m✓[39m backend/tests/unit/domain-validation.test.ts [2m([22m[2m7 tests[22m[2m)[22m[90m 24[2mms[22m[39m
 [32m✓[39m backend/tests/integration/first-loss-entry-gating.test.ts [2m([22m[2m2 tests[22m[2m)[22m[90m 10[2mms[22m[39m
 [32m✓[39m backend/tests/integration/strategy-pipeline.test.ts [2m([22m[2m2 tests[22m[2m)[22m[90m 9[2mms[22m[39m
 [32m✓[39m backend/tests/unit/architecture.test.ts [2m([22m[2m1 test[22m[2m)[22m[90m 8[2mms[22m[39m

[31m⎯⎯⎯⎯⎯⎯[1m[7m Failed Tests 10 [27m[22m⎯⎯⎯⎯⎯⎯⎯[39m

[31m[1m[7m FAIL [27m[22m[39m backend/tests/integration/wick-rule-matrix.test.ts[2m > [22mLONG wick rule deterministic test[2m > [22m1: C1 wick touches next, C3 not close beyond
[31m[1m[7m FAIL [27m[22m[39m backend/tests/integration/wick-rule-matrix.test.ts[2m > [22mLONG wick rule deterministic test[2m > [22m2: C2 wick touches next, C3 not close beyond
[31m[1m[7m FAIL [27m[22m[39m backend/tests/integration/wick-rule-matrix.test.ts[2m > [22mLONG wick rule deterministic test[2m > [22m3: C3 wick touches next, C3 not close beyond
[31m[1m[7m FAIL [27m[22m[39m backend/tests/integration/wick-rule-matrix.test.ts[2m > [22mLONG wick rule deterministic test[2m > [22m8: Wick exactly touches level
[31m[1m[7m FAIL [27m[22m[39m backend/tests/integration/wick-rule-matrix.test.ts[2m > [22mSHORT wick rule deterministic test[2m > [22m10: Short C1 wick touches next
[31m[1m[7m FAIL [27m[22m[39m backend/tests/integration/wick-rule-matrix.test.ts[2m > [22mSHORT wick rule deterministic test[2m > [22m11: Short C2 wick touches next
[31m[1m[7m FAIL [27m[22m[39m backend/tests/integration/wick-rule-matrix.test.ts[2m > [22mSHORT wick rule deterministic test[2m > [22m12: Short C3 wick touches next
[31m[1mAssertionError[22m: expected 'ACCEPTED' to be 'REJECTED' // Object.is equality[39m

Expected: [32m"[7mREJEC[27mTED"[39m
Received: [31m"[7mACCEP[27mTED"[39m

[36m [2m❯[22m backend/tests/integration/wick-rule-matrix.test.ts:[2m84:32[22m[39m
    [90m 82| [39m      [34mit[39m(matrixCase[33m.[39mid [33m+[39m [32m': '[39m [33m+[39m matrixCase[33m.[39mdescription[33m,[39m () [33m=>[39m {
    [90m 83| [39m        [35mconst[39m result [33m=[39m [34mrun[39m(side[33m,[39m matrixCase)[33m;[39m
    [90m 84| [39m        [34mexpect[39m([34mactual[39m(result))[33m.[39m[34mtoBe[39m(matrixCase[33m.[39mexpected)[33m;[39m
    [90m   | [39m                               [31m^[39m
    [90m 85| [39m        [35mif[39m (matrixCase[33m.[39mreason) [34mexpect[39m(result[33m.[39mreasons[[34m0[39m][33m?.[39mcode)[33m.[39m[34mtoBe[39m(ma…
    [90m 86| [39m      })[33m;[39m

[31m[2m⎯⎯⎯⎯⎯⎯⎯⎯⎯⎯⎯⎯⎯⎯⎯⎯⎯⎯⎯⎯⎯⎯⎯[1/10]⎯[22m[39m

[31m[1m[7m FAIL [27m[22m[39m backend/tests/integration/wick-rule-matrix.test.ts[2m > [22mLONG wick rule deterministic test[2m > [22m4: C3 closes beyond touched level
[31m[1mAssertionError[22m: expected 'REJECTED:INSUFFICIENT_BREATHING_ROOM' to be 'ACCEPTED' // Object.is equality[39m

Expected: [32m"ACCEPTED"[39m
Received: [31m"REJECTED:INSUFFICIENT_BREATHING_ROOM"[39m

[36m [2m❯[22m backend/tests/integration/wick-rule-matrix.test.ts:[2m84:32[22m[39m
    [90m 82| [39m      [34mit[39m(matrixCase[33m.[39mid [33m+[39m [32m': '[39m [33m+[39m matrixCase[33m.[39mdescription[33m,[39m () [33m=>[39m {
    [90m 83| [39m        [35mconst[39m result [33m=[39m [34mrun[39m(side[33m,[39m matrixCase)[33m;[39m
    [90m 84| [39m        [34mexpect[39m([34mactual[39m(result))[33m.[39m[34mtoBe[39m(matrixCase[33m.[39mexpected)[33m;[39m
    [90m   | [39m                               [31m^[39m
    [90m 85| [39m        [35mif[39m (matrixCase[33m.[39mreason) [34mexpect[39m(result[33m.[39mreasons[[34m0[39m][33m?.[39mcode)[33m.[39m[34mtoBe[39m(ma…
    [90m 86| [39m      })[33m;[39m

[31m[2m⎯⎯⎯⎯⎯⎯⎯⎯⎯⎯⎯⎯⎯⎯⎯⎯⎯⎯⎯⎯⎯⎯⎯[2/10]⎯[22m[39m

[31m[1m[7m FAIL [27m[22m[39m backend/tests/integration/wick-rule-matrix.test.ts[2m > [22mLONG wick rule deterministic test[2m > [22m7: C3 wick 3rd, close between 2nd/3rd
[31m[1m[7m FAIL [27m[22m[39m backend/tests/integration/wick-rule-matrix.test.ts[2m > [22mLONG wick rule deterministic test[2m > [22m9: C3 closes exactly at level
[31m[1mAssertionError[22m: expected 'REJECTED:INSUFFICIENT_BREATHING_ROOM' to be 'REJECTED' // Object.is equality[39m

Expected: [32m"REJECTED"[39m
Received: [31m"REJECTED[7m:INSUFFICIENT_BREATHING_ROOM[27m"[39m

[36m [2m❯[22m backend/tests/integration/wick-rule-matrix.test.ts:[2m84:32[22m[39m
    [90m 82| [39m      [34mit[39m(matrixCase[33m.[39mid [33m+[39m [32m': '[39m [33m+[39m matrixCase[33m.[39mdescription[33m,[39m () [33m=>[39m {
    [90m 83| [39m        [35mconst[39m result [33m=[39m [34mrun[39m(side[33m,[39m matrixCase)[33m;[39m
    [90m 84| [39m        [34mexpect[39m([34mactual[39m(result))[33m.[39m[34mtoBe[39m(matrixCase[33m.[39mexpected)[33m;[39m
    [90m   | [39m                               [31m^[39m
    [90m 85| [39m        [35mif[39m (matrixCase[33m.[39mreason) [34mexpect[39m(result[33m.[39mreasons[[34m0[39m][33m?.[39mcode)[33m.[39m[34mtoBe[39m(ma…
    [90m 86| [39m      })[33m;[39m

[31m[2m⎯⎯⎯⎯⎯⎯⎯⎯⎯⎯⎯⎯⎯⎯⎯⎯⎯⎯⎯⎯⎯⎯⎯[3/10]⎯[22m[39m

[2m Test Files [22m [1m[31m1 failed[39m[22m[2m | [22m[1m[32m14 passed[39m[22m[90m (15)[39m
[2m      Tests [22m [1m[31m10 failed[39m[22m[2m | [22m[1m[32m90 passed[39m[22m[90m (100)[39m
[2m   Start at [22m 21:17:20
[2m   Duration [22m 7.81s[2m (transform 2.29s, setup 0ms, collect 3.96s, tests 1.70s, environment 7ms, prepare 4.95s)[22m

